gcc -g p3final.c
îº§ gdb a.out
GNU gdb (Ubuntu 8.1.1-0ubuntu1) 8.1.1
Copyright (C) 2018 Free Software Foundation, Inc.
License GPLv3+: GNU GPL version 3 or later <http://gnu.org/licenses/gpl.html>
This is free software: you are free to change and redistribute it.
There is NO WARRANTY, to the extent permitted by law.  Type "show copying"
and "show warranty" for details.
This GDB was configured as "x86_64-linux-gnu".
Type "show configuration" for configuration details.
For bug reporting instructions, please see:
<http://www.gnu.org/software/gdb/bugs/>.
Find the GDB manual and other documentation resources online at:
<http://www.gnu.org/software/gdb/documentation/>.
For help, type "help".
Type "apropos word" to search for commands related to "word"...
Reading symbols from a.out...done.
(gdb) b main
Breakpoint 1 at 0x83d: file p3final.c, line 24.
(gdb) r
Starting program: /home/runner/IA1-Revision/a.out 
warning: Error disabling address space randomization: Operation not permitted

Breakpoint 1, main () at p3final.c:24
24    int n, sum=0;
(gdb) n
25    printf("Enter the number\n");
(gdb) n
Enter the number
26    n=input_n();
(gdb) s
input_n () at p3final.c:3
3   {
(gdb) n
5     scanf("%d",&a);
(gdb) n
5
6     return a;
(gdb) n
7   }
(gdb) n
main () at p3final.c:27
27    sum=sum_n(n);
(gdb) s
sum_n (n=5) at p3final.c:10
10    int i, sum=0;
(gdb) n
11    for (i=1;i<=n;i++)
(gdb) n
12    sum=sum+i;
(gdb) n
11    for (i=1;i<=n;i++)
(gdb) n
12    sum=sum+i;
(gdb) n
11    for (i=1;i<=n;i++)
(gdb) n
12    sum=sum+i;
(gdb) n
11    for (i=1;i<=n;i++)
(gdb) n
12    sum=sum+i;
(gdb) n
11    for (i=1;i<=n;i++)
(gdb) n
12    sum=sum+i;
(gdb) n
11    for (i=1;i<=n;i++)
(gdb) n
13    return sum;
(gdb) n
14  }
(gdb) p sum
$1 = 15
(gdb) n
main () at p3final.c:28
28    output(n,sum);
(gdb) s
output (n=5, sum=15) at p3final.c:18
18    for (j=1;j<n;j++)
(gdb) n
19    printf("%d+",j);
(gdb) n
18    for (j=1;j<n;j++)
(gdb) n
19    printf("%d+",j);
(gdb) n
18    for (j=1;j<n;j++)
(gdb) n
19    printf("%d+",j);
(gdb) n
18    for (j=1;j<n;j++)
(gdb) n
19    printf("%d+",j);
(gdb) n
18    for (j=1;j<n;j++)
(gdb) n
20    printf("%d is %d\n",n,sum);
(gdb) n
1+2+3+4+5 is 15
21  }
(gdb) n
main () at p3final.c:29
29  }(gdb) n
__libc_start_main (main=0x565256000835 <main>, argc=1, 
    argv=0x7ffe1a016d28, init=<optimized out>, fini=<optimized out>, 
    rtld_fini=<optimized out>, stack_end=0x7ffe1a016d18)
    at ../csu/libc-start.c:344
344 ../csu/libc-start.c: No such file or directory.
(gdb) n
[Inferior 1 (process 679) exited normally]
(gdb) q